// Jest Snapshot v1, https://goo.gl/fbAQLP

exports[`should render null in first rendering 1`] = `null`;
